******************************************************************************
                  TI ARM Linker PC v18.12.3                    
******************************************************************************
>> Linked Sat Nov 30 00:28:43 2019

OUTPUT FILE NAME:   <sensor_boosterpack_MSP_EXP432P401R_freertos_ccs.out>
ENTRY POINT SYMBOL: "resetISR"  address: 00035f31


MEMORY CONFIGURATION

         name            origin    length      used     unused   attr    fill
----------------------  --------  ---------  --------  --------  ----  --------
  MAIN                  00000000   00040000  00036658  000099a8  R  X
  INFO                  00200000   00004000  00000000  00004000  R  X
  SRAM_CODE             01000000   00010000  0000b70e  000048f2  RW X
  SRAM_DATA             20000000   00010000  0000b70e  000048f2  RW  


SEGMENT ALLOCATION MAP

run origin  load origin   length   init length attrs members
----------  ----------- ---------- ----------- ----- -------
00000000    00000000    00036660   00036660    r-x
  00000000    00000000    00000144   00000144    r-- .intvecs
  00000144    00000144    000204e6   000204e6    r-- .const
  0002062c    0002062c    00015c36   00015c36    r-x .text
  00036268    00036268    000003f8   000003f8    r-- .cinit
20000000    20000000    0000b228   00000000    rw-
  20000000    20000000    00009f6a   00000000    rw- .bss
  20009f6c    20009f6c    000012bc   00000000    rw- .data
2000b400    2000b400    000000e8   00000000    rw-
  2000b400    2000b400    000000e8   00000000    rw- .vtable
2000fc00    2000fc00    00000400   00000000    rw-
  2000fc00    2000fc00    00000400   00000000    rw- .stack


SECTION ALLOCATION MAP

 output                                  attributes/
section   page    origin      length       input sections
--------  ----  ----------  ----------   ----------------
.const     0    00000144    000204e6     
                  00000144    00020000     simple_np_cc2650bp_uart_pm_sbl_2_02_01_18a_merge.obj (.const:.string:SNP_code)
                  00020144    00000070     MSP_EXP432P401R.obj (.const:uartMSP432Baudrates)
                  000201b4    00000058     MSP_EXP432P401R.obj (.const:uartMSP432HWAttrs)
                  0002020c    00000050     msp432p4xx_driverlib.lib : interrupt.o (.const:g_pulRegs)
                  0002025c    00000050     drivers_msp432p401x.aem4f : TimerMSP432.oem4f (.const:timerADividers)
                  000202ac    00000050     MSP_EXP432P401R.obj (.const:timerMSP432HWAttrs)
                  000202fc    0000003c     npi_uart_pm_release.a : npi_task_posix.oem4f (.const:NPI_defaultParams)
                  00020338    0000003c     MSP_EXP432P401R.obj (.const:Timer_config)
                  00020374    00000038     MSP_EXP432P401R.obj (.const:PowerMSP432_config)
                  000203ac    00000028     drivers_msp432p401x.aem4f : UARTMSP432.oem4f (.const:UARTMSP432_fxnTable)
                  000203d4    00000024                               : UART.oem4f (.const:UART_defaultParams)
                  000203f8    00000020     display.aem4f : DisplayHost.oem4f (.const:DisplayHost_fxnTable)
                  00020418    00000020                   : DisplayUart.oem4f (.const:DisplayUartMin_fxnTable)
                  00020438    00000020     drivers_msp432p401x.aem4f : UARTMSP432.oem4f (.const:staticFxnTable)
                  00020458    0000001c                               : TimerMSP432.oem4f (.const:TimerMSP432_Timer32_fxnTable)
                  00020474    0000001c                               : TimerMSP432.oem4f (.const:TimerMSP432_Timer_A_fxnTable)
                  00020490    00000018     MSP_EXP432P401R.obj (.const:Display_config)
                  000204a8    00000018     drivers_msp432p401x.aem4f : I2CMSP432.oem4f (.const:I2CMSP432_fxnTable)
                  000204c0    00000018     MSP_EXP432P401R.obj (.const:UART_config)
                  000204d8    00000018     sap_uart_pm_release.a : sap.oem4f (.const:default_remUARTPort)
                  000204f0    00000014     MSP_EXP432P401R.obj (.const:GPIOMSP432_config)
                  00020504    00000014     MSP_EXP432P401R.obj (.const:displayUartHWAttrs)
                  00020518    00000014     MSP_EXP432P401R.obj (.const:i2cMSP432HWAttrs)
                  0002052c    00000011     profile_util.obj (.const:.string:$P$T0$1)
                  0002053d    00000002     sbl_tl.obj (.const:.string:$P$T0$1)
                  0002053f    00000001     display.aem4f : Display.oem4f (.const:Display_defaultParams)
                  00020540    00000010     drivers_msp432p401x.aem4f : I2C.oem4f (.const:I2C_defaultParams)
                  00020550    00000010     MSP_EXP432P401R.obj (.const:OPT3001_config)
                  00020560    00000010     sail.lib : opt3001.obj (.const:OPT3001_defaultParams)
                  00020570    00000010     MSP_EXP432P401R.obj (.const:TMP007_config)
                  00020580    00000010     simple_np_cc2650bp_uart_pm_sbl_2_02_01_18a_merge.obj (.const)
                  00020590    0000000c     MSP_EXP432P401R.obj (.const:I2C_config)
                  0002059c    0000000c     drivers_msp432p401x.aem4f : I2CMSP432.oem4f (.const:bitRates)
                  000205a8    0000000c                               : TimerMSP432.oem4f (.const:timer32Dividers)
                  000205b4    0000000b     MSP_EXP432P401R.obj (.const)
                  000205bf    00000001     --HOLE-- [fill = 0]
                  000205c0    00000008     MSP_EXP432P401R.obj (.const:OPT3001_hwAttrs)
                  000205c8    00000008     sail.lib : tmp007.obj (.const:TMP007_defaultParams)
                  000205d0    00000008     MSP_EXP432P401R.obj (.const:TMP007_hwAttrs)
                  000205d8    00000008     MSP_EXP432P401R.obj (.const:displayHostHWAttrs)
                  000205e0    00000008     freertos_builds_MSP_EXP432P401R_release_ccs.lib : port.obj (.const)
                  000205e8    00000008     msp432p4xx_driverlib.lib : interrupt.o (.const:g_pulDisRegs)
                  000205f0    00000008                              : interrupt.o (.const:g_pulEnRegs)
                  000205f8    00000008     sbl_simplelink.obj (.const:sblPinsCfg)
                  00020600    00000006     sail.lib : bmi160.obj (.const:$P$T0$2)
                  00020606    00000006     drivers_msp432p401x.aem4f : GPIOMSP432.oem4f (.const:.string:interruptType)
                  0002060c    00000006                               : GPIOMSP432.oem4f (.const:.string:portInterruptIds)
                  00020612    00000005                               : UARTMSP432.oem4f (.const:.string:parityTypes)
                  00020617    00000001     --HOLE-- [fill = 0]
                  00020618    00000004     freertos_builds_MSP_EXP432P401R_release_ccs.lib : pthread.obj (.const)
                  0002061c    00000004     drivers_msp432p401x.aem4f : UARTMSP432.oem4f (.const:stopBits)
                  00020620    00000002     sbl_tl.obj (.const:.string:ACK)
                  00020622    00000002     sbl_tl.obj (.const:.string:BAUD)
                  00020624    00000002     sbl_tl.obj (.const:.string:NACK)
                  00020626    00000002     --HOLE-- [fill = 0]
                  00020628    00000002     freertos_builds_MSP_EXP432P401R_release_ccs.lib : pthread.obj (.const:.string)

.text      0    0002062c    00015c36     
                  0002062c    00000c18     sail.lib : bmi160.obj (.text:bmi160_read_fifo_header_data_user_defined_length)
                  00021244    00000aa0     bmi160_support.obj (.text:bmi160_config_running_mode)
                  00021ce4    0000066c     sensor_boosterpack.obj (.text:AP_taskFxn)
                  00022350    000004d8     sap_uart_pm_release.a : npi_ss_ble_sap.oem4f (.text:NPISS_BLE_SNP_msgFromSNP)
                  00022828    000004ac     sail.lib : bmi160.obj (.text:bmi160_read_bmm150_mag_trim)
                  00022cd4    000004a4     freertos_builds_MSP_EXP432P401R_release_ccs.lib : SystemP_freertos.obj (.text:doPrint)
                  00023178    000003c8     sail.lib : bmi160.obj (.text:bmi160_second_if_mag_compensate_xyz)
                  00023540    00000360              : bmi160.obj (.text:bmi160_bmm150_mag_interface_init)
                  000238a0    0000035c              : bmi160.obj (.text:bmi160_set_bmm150_mag_presetmode)
                  00023bfc    000002fc              : bmi160.obj (.text:bmi160_set_accel_output_data_rate)
                  00023ef8    000002f8     drivers_msp432p401x.aem4f : PowerMSP432.oem4f (.text:Power_sleep)
                  000241f0    000002d8     sail.lib : bmi160.obj (.text:bmi160_set_intr_enable_0)
                  000244c8    000002d8              : bmi160.obj (.text:bmi160_set_intr_enable_1)
                  000247a0    000002d0     drivers_msp432p401x.aem4f : UARTMSP432.oem4f (.text:UARTMSP432_open)
                  00024a70    00000288     sail.lib : bmi160.obj (.text:bmi160_bst_yamaha_yas537_fifo_xyz_data)
                  00024cf8    00000288     drivers_msp432p401x.aem4f : PowerMSP432.oem4f (.text:initPerfControl)
                  00024f80    00000284     sensor_boosterpack_movement.obj (.text:bmiInterruptHandlerTask)
                  00025204    00000278     freertos_builds_MSP_EXP432P401R_release_ccs.lib : mqueue.obj (.text:mq_open)
                  0002547c    00000250     sail.lib : bmi160.obj (.text:bmi160_accel_foc_trigger_xyz)
                  000256cc    00000234     npi_uart_pm_release.a : npi_task_posix.oem4f (.text:NPITask_open)
                  00025900    00000230     sap_uart_pm_release.a : sap.oem4f (.text:SAP_registerService)
                  00025b30    000001f8     drivers_msp432p401x.aem4f : I2CMSP432.oem4f (.text:I2CMSP432_open)
                  00025d28    000001ec     sap_uart_pm_release.a : snp_rpc.oem4f (.text:SNP_RPC_addCharDescDec)
                  00025f14    000001e4     npi_uart_pm_release.a : npi_task_posix.oem4f (.text:NPITask_Fxn)
                  000260f8    000001d4     freertos_builds_MSP_EXP432P401R_release_ccs.lib : queue.obj (.text:xQueueSemaphoreTake)
                  000262cc    000001b8                                                     : queue.obj (.text:xQueueGenericSend)
                  00026484    000001b6     rtsv7M4_T_le_v4SPD16_eabi.lib : fd_add_t2.asm.obj (.text)
                  0002663a    00000002     display.aem4f : DisplayHost.oem4f (.text:DisplayHost_clear)
                  0002663c    000001a0     sail.lib : bme280.obj (.text:bme280_get_calib_param)
                  000267dc    00000198              : bme280.obj (.text:bme280_set_oversamp_humidity)
                  00026974    0000018c              : bmi160.obj (.text:bmi160_set_foc_gyro_enable)
                  00026b00    00000186     drivers_msp432p401x.aem4f : I2CMSP432.oem4f (.text:I2CMSP432_hwiIntFxn)
                  00026c86    00000002     display.aem4f : DisplayHost.oem4f (.text:DisplayHost_clearLines)
                  00026c88    00000180     rtsv7M4_T_le_v4SPD16_eabi.lib : fwrite.c.obj (.text:fwrite)
                  00026e08    00000180     freertos_builds_MSP_EXP432P401R_release_ccs.lib : queue.obj (.text:xQueueReceive)
                  00026f88    00000178     drivers_msp432p401x.aem4f : GPIOMSP432.oem4f (.text:GPIO_setConfig)
                  00027100    00000178     freertos_builds_MSP_EXP432P401R_release_ccs.lib : heap_4.obj (.text:pvPortMalloc)
                  00027278    00000170     sail.lib : bme280.obj (.text:bme280_set_power_mode)
                  000273e8    0000016c              : bme280.obj (.text:bme280_set_oversamp_temperature)
                  00027554    00000164              : bme280.obj (.text:bme280_set_standby_durn)
                  000276b8    00000164     freertos_builds_MSP_EXP432P401R_release_ccs.lib : timers.obj (.text:prvProcessReceivedCommands)
                  0002781c    00000158     sail.lib : bme280.obj (.text:bme280_set_oversamp_pressure)
                  00027974    00000158              : bmi160.obj (.text:bmi160_set_intr_enable_2)
                  00027acc    00000150     sap_uart_pm_release.a : sap.oem4f (.text:SAP_setParam)
                  00027c1c    00000150     sail.lib : bmi160.obj (.text:bmi160_bmm150_mag_set_power_mode)
                  00027d6c    0000014c     drivers_msp432p401x.aem4f : TimerMSP432.oem4f (.text:TimerMSP432_open)
                  00027eb8    00000140     npi_uart_pm_release.a : npi_tl_simplelink.oem4f (.text:NPITL_openTL)
                  00027ff8    00000140     sail.lib : bmi160.obj (.text:bmi160_set_bmm150_mag_and_secondary_if_power_mode)
                  00028138    00000140     sap_uart_pm_release.a : sap.oem4f (.text:handleAsyncCB)
                  00028278    0000013c     freertos_builds_MSP_EXP432P401R_release_ccs.lib : tasks.obj (.text:xTaskIncrementTick)
                  000283b4    00000138     npi_uart_pm_release.a : npi_tl_uart_m_simplelink.oem4f (.text:NPITLUART_readCallBack)
                  000284ec    00000138     freertos_builds_MSP_EXP432P401R_release_ccs.lib : pthread.obj (.text:pthread_create)
                  00028624    00000130     sail.lib : bme280.obj (.text:bme280_compensate_pressure_int32)
                  00028754    0000012a     freertos_builds_MSP_EXP432P401R_release_ccs.lib : tasks.obj (.text:prvInitialiseNewTask)
                  0002887e    00000002     display.aem4f : DisplayHost.oem4f (.text:DisplayHost_close)
                  00028880    00000124     sensor_boosterpack.obj (.text:AP_init)
                  000289a4    00000124     npi_uart_pm_release.a : npi_tl_uart_m_simplelink.oem4f (.text:NPITLUART_openTransport)
                  00028ac8    0000011c     freertos_builds_MSP_EXP432P401R_release_ccs.lib : tasks.obj (.text:xTaskResumeAll)
                  00028be4    00000114                                                     : tasks.obj (.text:vTaskPriorityDisinheritAfterTimeout)
                  00028cf8    00000110     bme280_support.obj (.text:bme280_data_readout_template)
                  00028e08    00000104     msp432p4xx_driverlib.lib : cs.o (.text:_CSComputeCLKFrequency)
                  00028f0c    00000104     freertos_builds_MSP_EXP432P401R_release_ccs.lib : queue.obj (.text:xQueueGenericSendFromISR)
                  00029010    00000100     sensor_boosterpack_movement.obj (.text:SensorBPMov_createTask)
                  00029110    000000fc     sbl.obj (.text:SBL_writeImage)
                  0002920c    000000fc     rtsv7M4_T_le_v4SPD16_eabi.lib : fd_mul_t2.asm.obj (.text)
                  00029308    000000fc     freertos_builds_MSP_EXP432P401R_release_ccs.lib : tasks.obj (.text:vTaskSuspend)
                  00029404    000000f8     msp432p4xx_driverlib.lib : cs.o (.text:CS_getDCOFrequency)
                  000294fc    000000f8     sail.lib : bmi160.obj (.text:bmi160_set_intr_fifo_wm)
                  000295f4    000000f8              : bmi160.obj (.text:bmi160_set_intr_level)
                  000296ec    000000f8              : bmi160.obj (.text:bmi160_set_output_enable)
                  000297e4    000000f8     freertos_builds_MSP_EXP432P401R_release_ccs.lib : tasks.obj (.text:vTaskDelete)
                  000298dc    000000f4     barometer_service.obj (.text:Barometer_setParameter)
                  000299d0    000000f4     humidity_service.obj (.text:Humidity_setParameter)
                  00029ac4    000000f4     ir_temp_service.obj (.text:IRTemp_setParameter)
                  00029bb8    000000f4     movement_service.obj (.text:Movement_setParameter)
                  00029cac    000000f4     optic_service.obj (.text:Optic_setParameter)
                  00029da0    000000f0     freertos_builds_MSP_EXP432P401R_release_ccs.lib : queue.obj (.text:xQueueGiveFromISR)
                  00029e90    000000e8     optic_service.obj (.text:sensor_WriteAttrCB)
                  00029f78    000000e8     freertos_builds_MSP_EXP432P401R_release_ccs.lib : tasks.obj (.text:xTaskPriorityInherit)
                  0002a060    000000e4     msp432p4xx_driverlib.lib : cs.o (.text:CS_startHFXTWithTimeout)
                  0002a144    000000e0                              : cs.o (.text:CS_startLFXTWithTimeout)
                  0002a224    000000e0     barometer_service.obj (.text:sensor_WriteAttrCB)
                  0002a304    000000e0     humidity_service.obj (.text:sensor_WriteAttrCB)
                  0002a3e4    000000e0     ir_temp_service.obj (.text:sensor_WriteAttrCB)
                  0002a4c4    000000e0     movement_service.obj (.text:sensor_WriteAttrCB)
                  0002a5a4    000000e0     freertos_builds_MSP_EXP432P401R_release_ccs.lib : tasks.obj (.text:xTaskPriorityDisinherit)
                  0002a684    000000dc     drivers_msp432p401x.aem4f : UARTMSP432.oem4f (.text:UARTMSP432_readPolling)
                  0002a760    000000dc     msp432p4xx_driverlib.lib : cs.o (.text:_CSGetHFXTFrequency)
                  0002a83c    000000dc     rtsv7M4_T_le_v4SPD16_eabi.lib : setvbuf.c.obj (.text:setvbuf)
                  0002a918    000000dc     freertos_builds_MSP_EXP432P401R_release_ccs.lib : tasks.obj (.text:vTaskSwitchContext)
                  0002a9f4    000000da                                                     : portasm.obj (.text)
                  0002aace    000000d8                                                     : queue.obj (.text:xQueueReceiveFromISR)
                  0002aba6    00000002     display.aem4f : DisplayHost.oem4f (.text:DisplayHost_init)
                  0002aba8    000000d4     sail.lib : bmi160.obj (.text:bmi160_bmm150_mag_wakeup)
                  0002ac7c    000000d4     freertos_builds_MSP_EXP432P401R_release_ccs.lib : mqueue.obj (.text:mq_timedreceive)
                  0002ad50    000000d0     sail.lib : bmi160.obj (.text:bmi160_set_gyro_output_data_rate)
                  0002ae20    000000d0     barometer_service.obj (.text:sensor_ReadAttrCB)
                  0002aef0    000000d0     humidity_service.obj (.text:sensor_ReadAttrCB)
                  0002afc0    000000d0     ir_temp_service.obj (.text:sensor_ReadAttrCB)
                  0002b090    000000d0     movement_service.obj (.text:sensor_ReadAttrCB)
                  0002b160    000000d0     optic_service.obj (.text:sensor_ReadAttrCB)
                  0002b230    000000d0     freertos_builds_MSP_EXP432P401R_release_ccs.lib : port.obj (.text:xPortStartScheduler)
                  0002b300    000000cc     sensor_boosterpack.obj (.text:AP_processSNPEventCB)
                  0002b3cc    000000c8     drivers_msp432p401x.aem4f : TimerMSP432.oem4f (.text:TimerMSP432_start)
                  0002b494    000000c8     sensor_boosterpack_movement.obj (.text:movementTaskInit)
                  0002b55c    000000c4     sail.lib : opt3001.obj (.text:OPT3001_open)
                  0002b620    000000c4     profile_util.obj (.text:ProfileUtil_getCharIDFromHdl)
                  0002b6e4    000000c4     sensor_boosterpack_movement.obj (.text:SensorBPMov_processCharChangeEvt)
                  0002b7a8    000000c4     sail.lib : bmi160.obj (.text:bmi160_bmm150_mag_compensate_X)
                  0002b86c    000000c4              : bmi160.obj (.text:bmi160_bmm150_mag_compensate_Y)
                  0002b930    000000c4     freertos_builds_MSP_EXP432P401R_release_ccs.lib : tasks.obj (.text:prvAddNewTaskToReadyList)
                  0002b9f4    000000c0     drivers_msp432p401x.aem4f : UARTMSP432.oem4f (.text:UARTMSP432_hwiIntFxn)
                  0002bab4    000000c0     sail.lib : bme280.obj (.text:bme280_compensate_humidity_int32)
                  0002bb74    000000c0              : bmi160.obj (.text:bmi160_read_mag_xyzr)
                  0002bc34    000000be     freertos_builds_MSP_EXP432P401R_release_ccs.lib : queue.obj (.text:prvCopyDataToQueue)
                  0002bcf2    00000002     display.aem4f : DisplayHost.oem4f (.text:DisplayHost_open)
                  0002bcf4    000000bc     sail.lib : bmi160.obj (.text:bmi160_get_gyro_offset_compensation_yaxis)
                  0002bdb0    000000bc              : bmi160.obj (.text:bmi160_get_gyro_offset_compensation_zaxis)
                  0002be6c    000000bc     drivers_msp432p401x.aem4f : UARTMSP432.oem4f (.text:initHw)
                  0002bf28    000000bc     freertos_builds_MSP_EXP432P401R_release_ccs.lib : heap_4.obj (.text:prvHeapInit)
                  0002bfe4    000000bc                                                     : timers.obj (.text:prvSwitchTimerLists)
                  0002c0a0    000000b8     drivers_msp432p401x.aem4f : I2CMSP432.oem4f (.text:I2CMSP432_transfer)
                  0002c158    000000b8     sail.lib : bmi160.obj (.text:bmi160_get_gyro_offset_compensation_xaxis)
                  0002c210    000000b8     drivers_msp432p401x.aem4f : UARTMSP432.oem4f (.text:readTaskCallback)
                  0002c2c8    000000b8     freertos_builds_MSP_EXP432P401R_release_ccs.lib : queue.obj (.text:xQueueGenericReset)
                  0002c380    000000b6                                                     : SystemP_freertos.obj (.text:formatNum)
                  0002c436    00000002     display.aem4f : DisplayUart.oem4f (.text:DisplayUartMin_clear)
                  0002c438    000000b4     sail.lib : tmp007.obj (.text:TMP007_open)
                  0002c4ec    000000b4     drivers_msp432p401x.aem4f : UARTMSP432.oem4f (.text:UARTMSP432_control)
                  0002c5a0    000000b4                               : UARTMSP432.oem4f (.text:UARTMSP432_writePolling)
                  0002c654    000000b4     freertos_builds_MSP_EXP432P401R_release_ccs.lib : clock.obj (.text:_clock_abstime2ticks)
                  0002c708    000000b4     sensor_boosterpack_humidity.obj (.text:humidityTaskFxn)
                  0002c7bc    000000b4     sensor_boosterpack_movement.obj (.text:movementTaskFxn)
                  0002c870    000000b4     sensor_boosterpack_optical.obj (.text:opticalTaskFxn)
                  0002c924    000000b4     sensor_boosterpack_temperature.obj (.text:temperatureTaskFxn)
                  0002c9d8    000000b0     freertos_builds_MSP_EXP432P401R_release_ccs.lib : tasks.obj (.text:prvAddCurrentTaskToDelayedList)
                  0002ca88    000000b0                                                     : tasks.obj (.text:xTaskCheckForTimeOut)
                  0002cb38    000000ae                                                     : queue.obj (.text:prvUnlockQueue)
                  0002cbe6    00000002     display.aem4f : DisplayUart.oem4f (.text:DisplayUartMin_clearLines)
                  0002cbe8    000000ac     drivers_msp432p401x.aem4f : GPIOMSP432.oem4f (.text:GPIO_init)
                  0002cc94    000000ac                               : I2CMSP432.oem4f (.text:I2CMSP432_cancel)
                  0002cd40    000000ac     freertos_builds_MSP_EXP432P401R_release_ccs.lib : clock.obj (.text:clock_gettime)
                  0002cdec    000000aa     sbl.obj (.text:SBL_eraseFlash)
                  0002ce96    00000002     display.aem4f : DisplayUart.oem4f (.text:DisplayUartMin_init)
                  0002ce98    000000a8     npi_uart_pm_release.a : npi_task_posix.oem4f (.text:NPITask_transportProcessTransportData)
                  0002cf40    000000a8     sail.lib : bme280.obj (.text:bme280_init)
                  0002cfe8    000000a8              : bmi160.obj (.text:bmi160_set_mag_output_data_rate)
                  0002d090    000000a8     sensor_boosterpack_optical.obj (.text:opticalTaskInit)
                  0002d138    000000a8     freertos_builds_MSP_EXP432P401R_release_ccs.lib : heap_4.obj (.text:prvInsertBlockIntoFreeList)
                  0002d1e0    000000a8     drivers_msp432p401x.aem4f : UARTMSP432.oem4f (.text:readTaskBlocking)
                  0002d288    000000a8     freertos_builds_MSP_EXP432P401R_release_ccs.lib : tasks.obj (.text:xTaskRemoveFromEventList)
                  0002d330    000000a4     npi_uart_pm_release.a : npi_tl_uart_m_simplelink.oem4f (.text:NPITLUART_writeCallBack)
                  0002d3d4    000000a4     sail.lib : bmi160.obj (.text:bmi160_set_mag_manual_enable)
                  0002d478    000000a4     drivers_msp432p401x.aem4f : TimerMSP432.oem4f (.text:initTimerHardware)
                  0002d51c    000000a0     freertos_builds_MSP_EXP432P401R_release_ccs.lib : ClockP_freertos.obj (.text:ClockP_create)
                  0002d5bc    000000a0     npi_uart_pm_release.a : npi_tl_simplelink.oem4f (.text:NPITL_remRdyPINHwiFxn)
                  0002d65c    000000a0     drivers_msp432p401x.aem4f : UARTMSP432.oem4f (.text:UARTMSP432_write)
                  0002d6fc    000000a0     sail.lib : bmi160.obj (.text:invalid_magnetic_field)
                  0002d79c    000000a0     drivers_msp432p401x.aem4f : UARTMSP432.oem4f (.text:readIsrTextCallback)
                  0002d83c    000000a0     barometer_service.obj (.text:sensor_CCCDIndCB)
                  0002d8dc    000000a0     humidity_service.obj (.text:sensor_CCCDIndCB)
                  0002d97c    000000a0     ir_temp_service.obj (.text:sensor_CCCDIndCB)
                  0002da1c    000000a0     movement_service.obj (.text:sensor_CCCDIndCB)
                  0002dabc    000000a0     optic_service.obj (.text:sensor_CCCDIndCB)
                  0002db5c    0000009c     sensor_boosterpack_movement.obj (.text:BMI160_I2C_bus_write)
                  0002dbf8    0000009c     drivers_msp432p401x.aem4f : PowerMSP432.oem4f (.text:Power_init)
                  0002dc94    0000009c     sensor_boosterpack_barometer.obj (.text:SensorBPBar_processCharChangeEvt)
                  0002dd30    0000009c     sensor_boosterpack_humidity.obj (.text:SensorBPHum_processCharChangeEvt)
                  0002ddcc    0000009c     sensor_boosterpack_optical.obj (.text:SensorBPOpt_processCharChangeEvt)
                  0002de68    0000009c     sensor_boosterpack_temperature.obj (.text:SensorBPTmp_processCharChangeEvt)
                  0002df04    0000009c     sail.lib : tmp007.obj (.text:TMP007_getTemp)
                  0002dfa0    0000009c     rtsv7M4_T_le_v4SPD16_eabi.lib : memcpy_t2.asm.obj (.text)
                  0002e03c    0000009c     drivers_msp432p401x.aem4f : TimerMSP432.oem4f (.text:setT32TickCount)
                  0002e0d8    0000009c                               : TimerMSP432.oem4f (.text:setTATickCount)
                  0002e174    0000009c     freertos_builds_MSP_EXP432P401R_release_ccs.lib : heap_4.obj (.text:vPortFree)
                  0002e210    00000098     sail.lib : bme280.obj (.text:bme280_read_uncomp_pressure_temperature_humidity)
                  0002e2a8    00000094     npi_uart_pm_release.a : npi_task_posix.oem4f (.text:NPITask_close)
                  0002e33c    00000094     msp432p4xx_driverlib.lib : sysctl_a.o (.text:SysCtl_A_getTLVInfo)
                  0002e3d0    00000094     sail.lib : bmi160.obj (.text:bmi160_bmm150_mag_compensate_Z)
                  0002e464    00000094              : bmi160.obj (.text:bmi160_set_mag_interface_normal)
                  0002e4f8    00000094     sensor_boosterpack_humidity.obj (.text:humidityTaskInit)
                  0002e58c    00000094     freertos_builds_MSP_EXP432P401R_release_ccs.lib : tasks.obj (.text:vTaskStartScheduler)
                  0002e620    00000092     drivers_msp432p401x.aem4f : UARTMSP432.oem4f (.text:UARTMSP432_close)
                  0002e6b2    00000092                               : UARTMSP432.oem4f (.text:writeData)
                  0002e744    00000090     bme280_support.obj (.text:BME280_I2C_bus_write)
                  0002e7d4    00000090     sensor_boosterpack_barometer.obj (.text:barometerTaskFxn)
                  0002e864    00000090     sail.lib : bmi160.obj (.text:bmi160_set_accel_bw)
                  0002e8f4    00000090              : bmi160.obj (.text:bmi160_set_accel_under_sampling_parameter)
                  0002e984    00000090              : bmi160.obj (.text:bmi160_set_fifo_accel_enable)
                  0002ea14    00000090              : bmi160.obj (.text:bmi160_set_fifo_gyro_enable)
                  0002eaa4    00000090              : bmi160.obj (.text:bmi160_set_fifo_header_enable)
                  0002eb34    00000090              : bmi160.obj (.text:bmi160_set_fifo_mag_enable)
                  0002ebc4    00000090              : bmi160.obj (.text:bmi160_set_fifo_time_enable)
                  0002ec54    00000090              : bmi160.obj (.text:bmi160_set_gyro_bw)
                  0002ece4    00000090              : bmi160.obj (.text:bmi160_set_gyro_sleep_state)
                  0002ed74    00000090              : bmi160.obj (.text:bmi160_set_gyro_sleep_trigger)
                  0002ee04    00000090              : bmi160.obj (.text:bmi160_set_gyro_wakeup_intr)
                  0002ee94    00000090              : bmi160.obj (.text:bmi160_set_gyro_wakeup_trigger)
                  0002ef24    00000090              : bmi160.obj (.text:bmi160_set_if_mode)
                  0002efb4    00000090              : bmi160.obj (.text:bmi160_set_paging_enable)
                  0002f044    00000090              : bmi160.obj (.text:bmi160_set_target_page)
                  0002f0d4    0000008c     barometer_service.obj (.text:Barometer_addService)
                  0002f160    0000008c     humidity_service.obj (.text:Humidity_addService)
                  0002f1ec    0000008c     ir_temp_service.obj (.text:IRTemp_addService)
                  0002f278    0000008c     movement_service.obj (.text:Movement_addService)
                  0002f304    0000008c     optic_service.obj (.text:Optic_addService)
                  0002f390    0000008c     drivers_msp432p401x.aem4f : TimerMSP432.oem4f (.text:TimerMSP432_stop)
                  0002f41c    0000008c     freertos_builds_MSP_EXP432P401R_release_ccs.lib : clock.obj (.text:_clock_gettimeMono)
                  0002f4a8    0000008c     drivers_msp432p401x.aem4f : UARTMSP432.oem4f (.text:readIsrTextBlocking)
                  0002f534    0000008a     freertos_builds_MSP_EXP432P401R_release_ccs.lib : pthread_cond.obj (.text:condWait)
                  0002f5be    00000002     drivers_msp432p401x.aem4f : I2CMSP432.oem4f (.text:I2CMSP432_init)
                  0002f5c0    00000088     sap_uart_pm_release.a : sap.oem4f (.text:SAP_open)
                  0002f648    00000088     freertos_builds_MSP_EXP432P401R_release_ccs.lib : mqueue.obj (.text:mq_receive)
                  0002f6d0    00000088                                                     : timers.obj (.text:prvProcessTimerOrBlockTask)
                  0002f758    00000086     rtsv7M4_T_le_v4SPD16_eabi.lib : fd_cmp_t2.asm.obj (.text:__aeabi_cdcmple)
                  0002f7de    00000086     freertos_builds_MSP_EXP432P401R_release_ccs.lib : mqueue.obj (.text:mq_send)
                  0002f864    00000086     drivers_msp432p401x.aem4f : I2CMSP432.oem4f (.text:primeTransfer)
                  0002f8ea    00000002     msp432p4xx_driverlib.lib : interrupt.o (.text:IntDefaultHandler)
                  0002f8ec    00000084     drivers_msp432p401x.aem4f : PowerMSP432.oem4f (.text:restartHFXT)
                  0002f970    00000084     freertos_builds_MSP_EXP432P401R_release_ccs.lib : timers.obj (.text:xTimerGenericCommand)
                  0002f9f4    00000080     msp432p4xx_driverlib.lib : interrupt.o (.text:Interrupt_disableInterrupt)
                  0002fa74    00000080                              : interrupt.o (.text:Interrupt_enableInterrupt)
                  0002faf4    00000080     bmi160_support.obj (.text:bmi160_interrupt_configuration)
                  0002fb74    00000080     sail.lib : bmi160.obj (.text:bmi160_set_accel_offset_enable)
                  0002fbf4    00000080              : bmi160.obj (.text:bmi160_set_gyro_offset_enable)
                  0002fc74    00000080              : bmi160.obj (.text:bmi160_set_i2c_device_addr)
                  0002fcf4    00000080              : bmi160.obj (.text:bmi160_set_pullup_configuration)
                  0002fd74    00000080     sensor_boosterpack_movement.obj (.text:bmiCommandFunction)
                  0002fdf4    00000080     freertos_builds_MSP_EXP432P401R_release_ccs.lib : timers.obj (.text:prvProcessExpiredTimer)
                  0002fe74    0000007c     npi_uart_pm_release.a : npi_tl_simplelink.oem4f (.text:NPITL_closeTL)
                  0002fef0    0000007c     msp432p4xx_driverlib.lib : cs.o (.text:_CSGetDOCFrequency)
                  0002ff6c    0000007c     sail.lib : bme280.obj (.text:bme280_compensate_temperature_int32)
                  0002ffe8    0000007a     freertos_builds_MSP_EXP432P401R_release_ccs.lib : pthread.obj (.text:removeThreadKeys)
                  00030062    0000007a     rtsv7M4_T_le_v4SPD16_eabi.lib : memset_t2.asm.obj (.text)
                  000300dc    0000007a     freertos_builds_MSP_EXP432P401R_release_ccs.lib : tasks.obj (.text:xTaskCreate)
                  00030156    00000002     npi_uart_pm_release.a : npi_tl_uart_m_simplelink.oem4f (.text:NPITLUART_stopTransfer)
                  00030158    00000078                           : npi_tl_simplelink.oem4f (.text:NPITL_writeTL)
                  000301d0    00000078     drivers_msp432p401x.aem4f : TimerMSP432.oem4f (.text:TimerMSP432_allocateTimerResource)
                  00030248    00000078     sail.lib : bmi160.obj (.text:bmi160_read_accel_xyz)
                  000302c0    00000078              : bmi160.obj (.text:bmi160_read_gyro_xyz)
                  00030338    00000078     freertos_builds_MSP_EXP432P401R_release_ccs.lib : timers.obj (.text:prvInsertTimerInActiveList)
                  000303b0    00000078     sensor_boosterpack_temperature.obj (.text:temperatureTaskInit)
                  00030428    00000078     freertos_builds_MSP_EXP432P401R_release_ccs.lib : port.obj (.text:vPortSetupTimerInterrupt)
                  000304a0    00000076     drivers_msp432p401x.aem4f : I2CMSP432.oem4f (.text:I2CMSP432_close)
                  00030516    00000002     freertos_builds_MSP_EXP432P401R_release_ccs.lib : PowerMSP432_freertos.obj (.text:PowerMSP432_initPolicy)
                  00030518    00000074     sensor_boosterpack.obj (.text:AP_asyncCB)
                  0003058c    00000074     rtsv7M4_T_le_v4SPD16_eabi.lib : fclose.c.obj (.text:__TI_closefile)
                  00030600    00000074     freertos_builds_MSP_EXP432P401R_release_ccs.lib : tasks.obj (.text:prvInitialiseTaskLists)
                  00030674    00000074                                                     : pthread_mutex.obj (.text:pthread_mutex_init)
                  000306e8    00000074                                                     : port.obj (.text:vPortValidateInterruptPriority)
                  0003075c    00000072                                                     : pthread.obj (.text:pthread_join)
                  000307ce    00000070     sbl_cmd.obj (.text:SBL_CMD_memoryRead)
                  0003083e    00000002     sbl_simplelink.obj (.text:SBL_closePins)
                  00030840    00000070     sbl_tl.obj (.text:SBL_TL_getRsp)
                  000308b0    00000070     freertos_builds_MSP_EXP432P401R_release_ccs.lib : ClockP_freertos.obj (.text:setClockObjTimeout)
                  00030920    0000006e                                                     : pthread.obj (.text:pthread_cancel)
                  0003098e    00000002     drivers_msp432p401x.aem4f : TimerMSP432.oem4f (.text:TimerMSP432_init)
                  00030990    0000006c     rtsv7M4_T_le_v4SPD16_eabi.lib : hostrename.c.obj (.text:HOSTrename)
                  000309fc    0000006c     msp432p4xx_driverlib.lib : i2c.o (.text:I2C_masterSendMultiByteFinish)
                  00030a68    0000006c     profile_util.obj (.text:ProfileUtil_convertBdAddr2Str)
                  00030ad4    0000006c     profile_util.obj (.text:ProfileUtil_getHdlFromCharID)
                  00030b40    0000006c     sap_uart_pm_release.a : sap.oem4f (.text:SAP_close)
                  00030bac    0000006a                           : snp_rpc.oem4f (.text:SNP_RPC_readCharCnf)
                  00030c16    0000006a     freertos_builds_MSP_EXP432P401R_release_ccs.lib : queue.obj (.text:xQueueGenericCreate)
                  00030c80    00000068     drivers_msp432p401x.aem4f : GPIOMSP432.oem4f (.text:GPIO_hwiIntFxn)
                  00030ce8    00000068     rtsv7M4_T_le_v4SPD16_eabi.lib : hostlseek.c.obj (.text:HOSTlseek)
                  00030d50    00000068     npi_uart_pm_release.a : npi_task_posix.oem4f (.text:NPITask_ProcessTXQ)
                  00030db8    00000068                           : npi_task_posix.oem4f (.text:NPITask_sendToHost)
                  00030e20    00000068     drivers_msp432p401x.aem4f : PowerMSP432.oem4f (.text:PowerMSP432_getFreqs)
                  00030e88    00000068                               : UARTMSP432.oem4f (.text:UARTMSP432_writeCancel)
                  00030ef0    00000068     rtsv7M4_T_le_v4SPD16_eabi.lib : copy_decompress_lzss.c.obj (.text:decompress:lzss:__TI_decompress_lzss)
                  00030f58    00000068     drivers_msp432p401x.aem4f : I2CMSP432.oem4f (.text:initHw)
                  00030fc0    00000066     sail.lib : opt3001.obj (.text:OPT3001_readRegister)
                  00031026    00000066              : opt3001.obj (.text:OPT3001_writeRegister)
                  0003108c    00000066     freertos_builds_MSP_EXP432P401R_release_ccs.lib : timers.obj (.text:prvInitialiseNewTimer)
                  000310f2    00000066                                                     : list.obj (.text:vListInsert)
                  00031158    00000064     sensor_boosterpack.obj (.text:AP_createTask)
                  000311bc    00000064     freertos_builds_MSP_EXP432P401R_release_ccs.lib : ClockP_freertos.obj (.text:ClockP_stop)
                  00031220    00000064     sap_uart_pm_release.a : snp_rpc.oem4f (.text:SNP_RPC_startAdvertising)
                  00031284    00000064                           : snp_rpc.oem4f (.text:SNP_RPC_updateConnectionParams)
                  000312e8    00000064     sensor_boosterpack_barometer.obj (.text:SensorBPBar_createTask)
                  0003134c    00000064     sensor_boosterpack_humidity.obj (.text:SensorBPHum_createTask)
                  000313b0    00000064     sensor_boosterpack_optical.obj (.text:SensorBPOpt_createTask)
                  00031414    00000064     sensor_boosterpack_temperature.obj (.text:SensorBPTmp_createTask)
                  00031478    00000064     freertos_builds_MSP_EXP432P401R_release_ccs.lib : pthread_mutex.obj (.text:acquireMutex)
                  000314dc    00000064     sail.lib : bme280.obj (.text:bme280_read_pressure_temperature_humidity)
                  00031540    00000064              : bme280.obj (.text:bme280_read_uncomp_pressure)
                  000315a4    00000064              : bme280.obj (.text:bme280_read_uncomp_temperature)
                  00031608    00000064              : bmi160.obj (.text:bmi160_init)
                  0003166c    00000064     rtsv7M4_T_le_v4SPD16_eabi.lib : fseek.c.obj (.text:fseek)
                  000316d0    00000064     freertos_builds_MSP_EXP432P401R_release_ccs.lib : tasks.obj (.text:prvGetExpectedIdleTime)
                  00031734    00000062     msp432p4xx_driverlib.lib : cs.o (.text:_CSGetDividerValue)
                  00031796    00000062     rtsv7M4_T_le_v4SPD16_eabi.lib : _io_perm.c.obj (.text:__TI_wrt_ok)
                  000317f8    00000060     sensor_boosterpack.obj (.text:AP_processBarometercccdCB)
                  00031858    00000060     sensor_boosterpack.obj (.text:AP_processHumiditycccdCB)
                  000318b8    00000060     sensor_boosterpack.obj (.text:AP_processIRTempcccdCB)
                  00031918    00000060     sensor_boosterpack.obj (.text:AP_processMovementcccdCB)
                  00031978    00000060     sensor_boosterpack_movement.obj (.text:BMI160_I2C_bus_read)
                  000319d8    00000060     barometer_service.obj (.text:Barometer_getParameter)
                  00031a38    00000060     drivers_msp432p401x.aem4f : GPIOMSP432.oem4f (.text:GPIO_setCallback)
                  00031a98    00000060     rtsv7M4_T_le_v4SPD16_eabi.lib : hostopen.c.obj (.text:HOSTopen)
                  00031af8    00000060     humidity_service.obj (.text:Humidity_getParameter)
                  00031b58    00000060     freertos_builds_MSP_EXP432P401R_release_ccs.lib : HwiPMSP432_freertos.obj (.text:HwiP_create)
                  00031bb8    00000060     ir_temp_service.obj (.text:IRTemp_getParameter)
                  00031c18    00000060     optic_service.obj (.text:Optic_getParameter)
                  00031c78    00000060     sap_uart_pm_release.a : snp_rpc.oem4f (.text:SNP_RPC_addCharValueDec)
                  00031cd8    00000060     freertos_builds_MSP_EXP432P401R_release_ccs.lib : pthread_mutex.obj (.text:pthread_mutex_unlock)
                  00031d38    00000060                                                     : port.obj (.text:pxPortInitialiseStack)
                  00031d98    0000005e     sail.lib : bmi160.obj (.text:bmi160_bmm150_mag_compensate_xyz)
                  00031df6    00000002     drivers_msp432p401x.aem4f : UARTMSP432.oem4f (.text:UARTMSP432_init)
                  00031df8    0000005c     sensor_boosterpack.obj (.text:AP_processOpticcccdCB)
                  00031e54    0000005c     sensor_boosterpack_movement.obj (.text:BMI160_I2C_burst_read)
                  00031eb0    0000005c     display.aem4f : Display.oem4f (.text:Display_doOpen)
                  00031f0c    0000005c     drivers_msp432p401x.aem4f : GPIOMSP432.oem4f (.text:GPIO_write)
                  00031f68    0000005c     msp432p4xx_driverlib.lib : interrupt.o (.text:Interrupt_registerInterrupt)
                  00031fc4    0000005c     movement_service.obj (.text:Movement_getParameter)
                  00032020    0000005c     npi_uart_pm_release.a : npi_tl_uart_m_simplelink.oem4f (.text:NPITLUART_closeTransport)
                  0003207c    0000005c     sbl_tl.obj (.text:SBL_TL_sendCmd)
                  000320d8    0000005c     sail.lib : bme280.obj (.text:bme280_read_uncomp_humidity)
                  00032134    0000005c     rtsv7M4_T_le_v4SPD16_eabi.lib : close.c.obj (.text:close)
                  00032190    0000005c     freertos_builds_MSP_EXP432P401R_release_ccs.lib : tasks.obj (.text:prvIdleTask)
                  000321ec    0000005c                                                     : pthread.obj (.text:pthread_exit)
                  00032248    0000005c                                                     : queue.obj (.text:vQueueWaitForMessageRestricted)
                  000322a4    0000005c                                                     : tasks.obj (.text:vTaskDelay)
                  00032300    0000005a     sap_uart_pm_release.a : snp_rpc.oem4f (.text:SNP_RPC_sendNotifInd)
                  0003235a    0000005a     sail.lib : tmp007.obj (.text:TMP007_readRegister)
                  000323b4    0000005a              : tmp007.obj (.text:TMP007_writeRegister)
                  0003240e    00000002     rtsv7M4_T_le_v4SPD16_eabi.lib : _lock.c.obj (.text:_nop)
                  00032410    00000058                                   : hostread.c.obj (.text:HOSTread)
                  00032468    00000058                                   : hostwrite.c.obj (.text:HOSTwrite)
                  000324c0    00000058     npi_uart_pm_release.a : npi_tl_uart_m_simplelink.oem4f (.text:NPITLUART_handleRemRdyEvent)
                  00032518    00000058                           : npi_tl_simplelink.oem4f (.text:NPITL_handleRemRdyEvent)
                  00032570    00000058     sbl_tl.obj (.text:SBL_TL_open)
                  000325c8    00000058     sensor_boosterpack_barometer.obj (.text:barometerTaskInit)
                  00032620    00000058     sail.lib : opt3001.obj (.text:convertToLux)
                  00032678    00000058     main_freertos.obj (.text:main)
                  000326d0    00000058     drivers_msp432p401x.aem4f : UARTMSP432.oem4f (.text:readIsrBinaryBlocking)
                  00032728    00000058     freertos_builds_MSP_EXP432P401R_release_ccs.lib : queue.obj (.text:xQueueCreateCountingSemaphore)
                  00032780    00000058                                                     : queue.obj (.text:xQueueTakeMutexRecursive)
                  000327d8    00000056                                                     : SemaphoreP_freertos.obj (.text:SemaphoreP_create)
                  0003282e    00000056     drivers_msp432p401x.aem4f : I2CMSP432.oem4f (.text:completeTransfer)
                  00032884    00000054     sensor_boosterpack.obj (.text:AP_bslKeyHandler)
                  000328d8    00000054     bme280_support.obj (.text:BME280_I2C_bus_read)
                  0003292c    00000054     freertos_builds_MSP_EXP432P401R_release_ccs.lib : ClockP_freertos.obj (.text:ClockP_delete)
                  00032980    00000054     msp432p4xx_driverlib.lib : interrupt.o (.text:Interrupt_setPriority)
                  000329d4    00000054     npi_uart_pm_release.a : npi_task_posix.oem4f (.text:NPITask_processSyncRXQ)
                  00032a28    00000054     sbl.obj (.text:SBL_openTarget)
                  00032a7c    00000054     drivers_msp432p401x.aem4f : TimerMSP432.oem4f (.text:TimerMSP432_freeTimerResource)
                  00032ad0    00000054     sail.lib : bme280.obj (.text:bme280_get_power_mode)
                  00032b24    00000054              : bme280.obj (.text:bme280_get_standby_durn)
                  00032b78    00000054              : bmi160.obj (.text:bmi160_get_accel_power_mode_stat)
                  00032bcc    00000054              : bmi160.obj (.text:bmi160_get_foc_rdy)
                  00032c20    00000054              : bmi160.obj (.text:bmi160_get_if_mode)
                  00032c74    00000054              : bmi160.obj (.text:bmi160_get_mag_manual_enable)
                  00032cc8    00000054              : bmi160.obj (.text:bmi160_get_paging_enable)
                  00032d1c    00000054              : bmi160.obj (.text:bmi160_get_target_page)
                  00032d70    00000054     freertos_builds_MSP_EXP432P401R_release_ccs.lib : timers.obj (.text:xTimerCreateTimerTask)
                  00032dc4    00000052     sbl_cmd.obj (.text:SBL_CMD_download)
                  00032e16    00000052     sail.lib : bmi160.obj (.text:xy1y2_to_xyz)
                  00032e68    00000050     sensor_boosterpack.obj (.text:AP_keyHandler)
                  00032eb8    00000050     drivers_msp432p401x.aem4f : TimerMSP432.oem4f (.text:TimerMSP432_hwiIntFunction)
                  00032f08    00000050     sail.lib : bmi160.obj (.text:bmi160_get_accel_offset_compensation_xaxis)
                  00032f58    00000050              : bmi160.obj (.text:bmi160_get_accel_offset_compensation_yaxis)
                  00032fa8    00000050              : bmi160.obj (.text:bmi160_get_accel_offset_compensation_zaxis)
                  00032ff8    00000050              : bmi160.obj (.text:bmi160_get_mag_power_mode_stat)
                  00033048    00000050              : bmi160.obj (.text:bmi160_get_pullup_configuration)
                  00033098    00000050     freertos_builds_MSP_EXP432P401R_release_ccs.lib : mqueue.obj (.text:mq_close)
                  000330e8    00000050                                                     : semaphore.obj (.text:sem_init)
                  00033138    00000050                                                     : queue.obj (.text:xQueueGiveMutexRecursive)
                  00033188    0000004e     sbl_tl.obj (.text:SBL_TL_CKS)
                  000331d6    0000004e     drivers_msp432p401x.aem4f : TimerMSP432.oem4f (.text:TimerMSP432_close)
                  00033224    0000004c     sbl_tl.obj (.text:SBL_TL_getRspACK)
                  00033270    0000004c     rtsv7M4_T_le_v4SPD16_eabi.lib : fflush.c.obj (.text:__TI_doflush)
                  000332bc    0000004c     sail.lib : bme280.obj (.text:bme280_read_register)
                  00033308    0000004c              : bme280.obj (.text:bme280_write_register)
                  00033354    0000004c     freertos_builds_MSP_EXP432P401R_release_ccs.lib : timers.obj (.text:prvCheckForValidListAndQueue)
                  000333a0    0000004c                                                     : tasks.obj (.text:prvCheckTasksWaitingTermination)
                  000333ec    0000004c     drivers_msp432p401x.aem4f : UARTMSP432.oem4f (.text:readIsrBinaryCallback)
                  00033438    0000004c     freertos_builds_MSP_EXP432P401R_release_ccs.lib : port.obj (.text:vPortEnterCritical)
                  00033484    0000004a     display.aem4f : DisplayUart.oem4f (.text:DisplayUartMin_open)
                  000334ce    0000004a     freertos_builds_MSP_EXP432P401R_release_ccs.lib : mqueue.obj (.text:mq_getattr)
                  00033518    00000048                                                     : HwiPMSP432_freertos.obj (.text:HwiP_dispatch)
                  00033560    00000048     npi_uart_pm_release.a : npi_tl_uart_m_simplelink.oem4f (.text:NPITLUART_writeTransport)
                  000335a8    00000048                           : npi_task_posix.oem4f (.text:NPITask_RemRdyEventCB)
                  000335f0    00000048     drivers_msp432p401x.aem4f : PowerMSP432.oem4f (.text:Power_releaseConstraint)
                  00033638    00000048     sail.lib : bmi160.obj (.text:bmi160_read_reg)
                  00033680    00000048              : bmi160.obj (.text:bmi160_write_reg)
                  000336c8    00000048     rtsv7M4_T_le_v4SPD16_eabi.lib : exit.c.obj (.text:exit)
                  00033710    00000048                                   : fd_toi_t2.asm.obj (.text)
                  00033758    00000048     freertos_builds_MSP_EXP432P401R_release_ccs.lib : sleep.obj (.text:sleep)
                  000337a0    00000048                                                     : list.obj (.text:uxListRemove)
                  000337e8    00000046     display.aem4f : DisplayUart.oem4f (.text:DisplayUartMin_vprintf)
                  0003382e    00000046     drivers_msp432p401x.aem4f : RingBuf.oem4f (.text:RingBuf_put)
                  00033874    00000046     sap_uart_pm_release.a : snp_rpc.oem4f (.text:SNP_RPC_setGATTParam)
                  000338ba    00000002     freertos_builds_MSP_EXP432P401R_release_ccs.lib : startup_msp432_ccs.obj (.text:defaultISR)
                  000338bc    00000044     rtsv7M4_T_le_v4SPD16_eabi.lib : hostclose.c.obj (.text:HOSTclose)
                  00033900    00000044                                   : hostunlink.c.obj (.text:HOSTunlink)
                  00033944    00000044     drivers_msp432p401x.aem4f : I2C.oem4f (.text:I2C_init)
                  00033988    00000044     npi_uart_pm_release.a : npi_tl_uart_m_simplelink.oem4f (.text:NPITLUART_validPacketFound)
                  000339cc    00000044                           : npi_task_posix.oem4f (.text:NPITask_DeserializeFrame)
                  00033a10    00000044     sbl_image_int.obj (.text:SBL_IMG_isValid)
                  00033a54    00000044     drivers_msp432p401x.aem4f : Timer.oem4f (.text:Timer_init)
                  00033a98    00000044                               : UART.oem4f (.text:UART_init)
                  00033adc    00000044     rtsv7M4_T_le_v4SPD16_eabi.lib : autoinit.c.obj (.text:__TI_auto_init_nobinit_nopinit:__TI_auto_init_nobinit_nopinit)
                  00033b20    00000044     sail.lib : bme280.obj (.text:bme280_set_soft_rst)
                  00033b64    00000044              : bmi160.obj (.text:bmi160_fifo_data)
                  00033ba8    00000044     rtsv7M4_T_le_v4SPD16_eabi.lib : getdevice.c.obj (.text:getdevice)
                  00033bec    00000044     drivers_msp432p401x.aem4f : I2CMSP432.oem4f (.text:perfChangeNotifyFxn)
                  00033c30    00000044     freertos_builds_MSP_EXP432P401R_release_ccs.lib : queue.obj (.text:prvInitialiseNewQueue)
                  00033c74    00000044     rtsv7M4_T_le_v4SPD16_eabi.lib : fd_tou_t2.asm.obj (.text)
                  00033cb8    00000042     sbl_image_int.obj (.text:flashRead)
                  00033cfa    00000042     freertos_builds_MSP_EXP432P401R_release_ccs.lib : memory.obj (.text:malloc)
                  00033d3c    00000040     drivers_msp432p401x.aem4f : I2C.oem4f (.text:I2C_open)
                  00033d7c    00000040     npi_uart_pm_release.a : npi_tl_uart_m_simplelink.oem4f (.text:NPITLUART_readTransport)
                  00033dbc    00000040     drivers_msp432p401x.aem4f : RingBuf.oem4f (.text:RingBuf_get)
                  00033dfc    00000040     sbl_cmd.obj (.text:SBL_CMD_sendData)
                  00033e3c    00000040     sbl_simplelink.obj (.text:SBL_initPins)
                  00033e7c    00000040     sap_uart_pm_release.a : snp_rpc.oem4f (.text:SNP_RPC_sendHCICommand)
                  00033ebc    00000040                           : snp_rpc.oem4f (.text:SNP_RPC_setGAPparam)
                  00033efc    00000040     drivers_msp432p401x.aem4f : UARTMSP432.oem4f (.text:UARTMSP432_read)
                  00033f3c    00000040                               : UART.oem4f (.text:UART_open)
                  00033f7c    00000040     sail.lib : bmi160.obj (.text:bmi160_set_command_register)
                  00033fbc    00000040              : bmi160.obj (.text:bmi160_set_fifo_wm)
                  00033ffc    00000040              : bmi160.obj (.text:bmi160_set_mag_read_addr)
                  0003403c    00000040              : bmi160.obj (.text:bmi160_set_mag_write_addr)
                  0003407c    00000040              : bmi160.obj (.text:bmi160_set_mag_write_data)
                  000340bc    00000040     drivers_msp432p401x.aem4f : UARTMSP432.oem4f (.text:perfChangeNotifyFxn)
                  000340fc    00000040     rtsv7M4_T_le_v4SPD16_eabi.lib : u_divt2.asm.obj (.text)
                  0003413c    00000040     freertos_builds_MSP_EXP432P401R_release_ccs.lib : tasks.obj (.text:vTaskPlaceOnEventListRestricted)
                  0003417c    0000003e                                                     : ClockP_freertos.obj (.text:ClockP_callbackFxn)
                  000341ba    0000003e     sbl_cmd.obj (.text:SBL_CMD_getStatus)
                  000341f8    0000003e     freertos_builds_MSP_EXP432P401R_release_ccs.lib : pthread.obj (.text:pthread_setcancelstate)
                  00034236    0000003e                                                     : semaphore.obj (.text:sem_post)
                  00034274    0000003c     npi_uart_pm_release.a : npi_task_posix.oem4f (.text:NPITask_processRXQ)
                  000342b0    0000003c     sap_uart_pm_release.a : sap.oem4f (.text:SAP_addToEventCBList)
                  000342ec    0000003c     sbl_tl.obj (.text:SBL_TL_uartAutoBaud)
                  00034328    0000003c     sbl.obj (.text:SBL_closeTarget)
                  00034364    0000003c     sap_uart_pm_release.a : snp_rpc.oem4f (.text:SNP_RPC_addService)
                  000343a0    0000003c     freertos_builds_MSP_EXP432P401R_release_ccs.lib : queue.obj (.text:prvCopyDataFromQueue)
                  000343dc    0000003c                                                     : tasks.obj (.text:prvResetNextTaskUnblockTime)
                  00034418    0000003c                                                     : tasks.obj (.text:pvTaskGetThreadLocalStoragePointer)
                  00034454    0000003c                                                     : sleep.obj (.text:usleep)
                  00034490    0000003c                                                     : list.obj (.text:vListInsertEnd)
                  000344cc    0000003c                                                     : timers.obj (.text:xTimerCreate)
                  00034508    0000003a                                                     : PowerMSP432_freertos.obj (.text:PowerMSP432_sleepPolicy)
                  00034542    0000003a     sbl.obj (.text:SBL_utilDelay)
                  0003457c    00000038     drivers_msp432p401x.aem4f : GPIOMSP432.oem4f (.text:GPIO_toggle)
                  000345b4    00000038     bme280_support.obj (.text:I2C_routine)
                  000345ec    00000038     npi_uart_pm_release.a : npi_tl_simplelink.oem4f (.text:NPITL_readTL)
                  00034624    00000038                           : npi_tl_simplelink.oem4f (.text:NPITL_transmissionCallBack)
                  0003465c    00000038                           : npi_task_posix.oem4f (.text:NPITask_Params_init)
                  00034694    00000038     drivers_msp432p401x.aem4f : PowerMSP432.oem4f (.text:Power_setConstraint)
                  000346cc    00000038     sap_uart_pm_release.a : snp_rpc.oem4f (.text:SNP_RPC_setAdvertisementData)
                  00034704    00000038     drivers_msp432p401x.aem4f : TimerMSP432.oem4f (.text:TimerMSP432_getCount)
                  0003473c    00000038     rtsv7M4_T_le_v4SPD16_eabi.lib : trgmsg.c.obj (.text:__TI_writemsg)
                  00034774    00000038     drivers_msp432p401x.aem4f : PowerMSP432.oem4f (.text:notify)
                  000347ac    00000038     freertos_builds_MSP_EXP432P401R_release_ccs.lib : timers.obj (.text:prvGetNextExpireTime)
                  000347e4    00000038                                                     : port.obj (.text:prvTaskExitError)
                  0003481c    00000036     sbl_cmd.obj (.text:SBL_CMD_sectorErase)
                  00034852    00000036     drivers_msp432p401x.aem4f : UARTMSP432.oem4f (.text:UARTMSP432_readCancel)
                  00034888    00000036     freertos_builds_MSP_EXP432P401R_release_ccs.lib : pthread_cond.obj (.text:pthread_cond_signal)
                  000348be    00000036     rtsv7M4_T_le_v4SPD16_eabi.lib : strncpy.c.obj (.text:strncpy)
                  000348f4    00000034     display.aem4f : DisplayHost.oem4f (.text:DisplayHost_vprintf)
                  00034928    00000034     drivers_msp432p401x.aem4f : GPIOMSP432.oem4f (.text:GPIO_clearInt)
                  0003495c    00000034                               : GPIOMSP432.oem4f (.text:GPIO_disableInt)
                  00034990    00000034                               : GPIOMSP432.oem4f (.text:GPIO_enableInt)
                  000349c4    00000034     sap_uart_pm_release.a : sap.oem4f (.text:SAP_addToAsyncCBList)
                  000349f8    00000034                           : sap.oem4f (.text:SAP_reset)
                  00034a2c    00000034                           : snp_rpc.oem4f (.text:SNP_RPC_charConfigUpdatedRsp)
                  00034a60    00000034                           : snp_rpc.oem4f (.text:SNP_RPC_writeCharCnf)
                  00034a94    00000034     freertos_builds_MSP_EXP432P401R_release_ccs.lib : SemaphoreP_freertos.obj (.text:SemaphoreP_pend)
                  00034ac8    00000034     sensor_configuration.obj (.text:SensorConfig_initI2C)
                  00034afc    00000034     rtsv7M4_T_le_v4SPD16_eabi.lib : fopen.c.obj (.text:__TI_cleanup)
                  00034b30    00000034                                   : trgmsg.c.obj (.text:__TI_readmsg)
                  00034b64    00000034                                   : boot_cortex_m.c.obj (.text:_c_int00_noargs:_c_int00_noargs)
                  00034b98    00000034     freertos_builds_MSP_EXP432P401R_release_ccs.lib : mqueue.obj (.text:findInList)
                  00034bcc    00000034                                                     : timers.obj (.text:prvSampleTimeNow)
                  00034c00    00000034     npi_uart_pm_release.a : npi_tl_uart_m_simplelink.oem4f (.text:uartComThread)
                  00034c34    00000034     freertos_builds_MSP_EXP432P401R_release_ccs.lib : tasks.obj (.text:vTaskPlaceOnEventList)
                  00034c68    00000034                                                     : tasks.obj (.text:vTaskSetThreadLocalStoragePointer)
                  00034c9c    00000032     sap_uart_pm_release.a : snp_rpc.oem4f (.text:SNP_RPC_terminateConnection)
                  00034cce    00000032     sensor_boosterpack_movement.obj (.text:initCharacteristicValue)
                  00034d00    00000030     msp432p4xx_driverlib.lib : cs.o (.text:CS_clearInterruptFlag)
                  00034d30    00000030     sap_uart_pm_release.a : sap.oem4f (.text:SAP_initParams)
                  00034d60    00000030                           : snp_rpc.oem4f (.text:SNP_RPC_setSecurityParam)
                  00034d90    00000030                           : snp_rpc.oem4f (.text:SNP_sendSynchronousCmd)
                  00034dc0    00000030     rtsv7M4_T_le_v4SPD16_eabi.lib : getdevice.c.obj (.text:finddevice)
                  00034df0    00000030     sap_uart_pm_release.a : sap.oem4f (.text:getEventCallbacks)
                  00034e20    00000030     drivers_msp432p401x.aem4f : I2CMSP432.oem4f (.text:mapPin)
                  00034e50    00000030                               : UARTMSP432.oem4f (.text:mapPin)
                  00034e80    00000030     freertos_builds_MSP_EXP432P401R_release_ccs.lib : pthread_cond.obj (.text:pthread_cond_init)
                  00034eb0    00000030                                                     : list.obj (.text:vListInitialise)
                  00034ee0    00000030                                                     : port.obj (.text:vPortExitCritical)
                  00034f10    00000030                                                     : tasks.obj (.text:xTaskGetSchedulerState)
                  00034f40    0000002e     npi_uart_pm_release.a : npi_task_posix.oem4f (.text:NPITask_SerializeFrame)
                  00034f6e    0000002e     freertos_builds_MSP_EXP432P401R_release_ccs.lib : SystemP_freertos.obj (.text:putChar)
                  00034f9c    0000002e                                                     : timers.obj (.text:pvTimerGetTimerID)
                  00034fca    0000002e     rtsv7M4_T_le_v4SPD16_eabi.lib : i_tofd_t2.asm.obj (.text)
                  00034ff8    0000002c     freertos_builds_MSP_EXP432P401R_release_ccs.lib : HwiPMSP432_freertos.obj (.text:HwiP_disable)
                  00035024    0000002c     npi_uart_pm_release.a : npi_task_posix.oem4f (.text:NPITask_routeHostToSS)
                  00035050    0000002c     sbl_cmd.obj (.text:SBL_CMD_reset)
                  0003507c    0000002c     sbl_cmd.obj (.text:SBL_CMD_uint32MSB)
                  000350a8    0000002c     freertos_builds_MSP_EXP432P401R_release_ccs.lib : SemaphoreP_freertos.obj (.text:SemaphoreP_createBinary)
                  000350d4    0000002c     sensor_boosterpack_barometer.obj (.text:initCharacteristicValue)
                  00035100    0000002c     sensor_boosterpack_humidity.obj (.text:initCharacteristicValue)
                  0003512c    0000002c     sensor_boosterpack_optical.obj (.text:initCharacteristicValue)
                  00035158    0000002c     sensor_boosterpack_temperature.obj (.text:initCharacteristicValue)
                  00035184    0000002c     drivers_msp432p401x.aem4f : TimerMSP432.oem4f (.text:perfChangeNotifyFxn)
                  000351b0    0000002c     rtsv7M4_T_le_v4SPD16_eabi.lib : unlink.c.obj (.text:unlink)
                  000351dc    0000002c     freertos_builds_MSP_EXP432P401R_release_ccs.lib : tasks.obj (.text:vTaskSetApplicationTaskTag)
                  00035208    0000002c                                                     : port.obj (.text:xPortSysTickHandler)
                  00035234    0000002c                                                     : queue.obj (.text:xQueueCreateMutex)
                  00035260    0000002a     display.aem4f : Display.oem4f (.text:Display_doPrintf)
                  0003528a    0000002a     sap_uart_pm_release.a : snp_rpc.oem4f (.text:SNP_RPC_setWhiteListParam)
                  000352b4    0000002a     freertos_builds_MSP_EXP432P401R_release_ccs.lib : queue.obj (.text:prvInitialiseMutex)
                  000352de    0000002a                                                     : queue.obj (.text:uxQueueMessagesWaiting)
                  00035308    0000002a                                                     : queue.obj (.text:uxQueueMessagesWaitingFromISR)
                  00035332    00000002                                                     : startup_msp432_ccs.obj (.text:faultISR)
                  00035334    00000028     sensor_boosterpack.obj (.text:AP_initServices)
                  0003535c    00000028     msp432p4xx_driverlib.lib : cs.o (.text:CS_getMCLK)
                  00035384    00000028     freertos_builds_MSP_EXP432P401R_release_ccs.lib : HwiPMSP432_freertos.obj (.text:HwiP_inISR)
                  000353ac    00000028     npi_uart_pm_release.a : npi_tl_simplelink.oem4f (.text:NPITL_getRxBufLen)
                  000353d4    00000028                           : npi_task_posix.oem4f (.text:NPITask_transportDoneCallBack)
                  000353fc    00000028     sail.lib : opt3001.obj (.text:OPT3001_getLux)
                  00035424    00000028     drivers_msp432p401x.aem4f : PowerMSP432.oem4f (.text:Power_registerNotify)
                  0003544c    00000028     sbl_tl.obj (.text:SBL_TL_sendACK)
                  00035474    00000028     sail.lib : bmi160.obj (.text:bmi160_read_fifo_header_data)
                  0003549c    00000028     drivers_msp432p401x.aem4f : PowerMSP432.oem4f (.text:disableFaultCounter)
                  000354c4    00000028                               : PowerMSP432.oem4f (.text:disableHFXT)
                  000354ec    00000028                               : UARTMSP432.oem4f (.text:findBaudDividerIndex)
                  00035514    00000028     rtsv7M4_T_le_v4SPD16_eabi.lib : lseek.c.obj (.text:lseek)
                  0003553c    00000028     freertos_builds_MSP_EXP432P401R_release_ccs.lib : pthread.obj (.text:pthread_attr_setschedparam)
                  00035564    00000028     rtsv7M4_T_le_v4SPD16_eabi.lib : write.c.obj (.text:write)
                  0003558c    00000028     freertos_builds_MSP_EXP432P401R_release_ccs.lib : tasks.obj (.text:xTaskGetApplicationTaskTag)
                  000355b4    00000026     drivers_msp432p401x.aem4f : List.oem4f (.text:List_put)
                  000355da    00000026                               : List.oem4f (.text:List_remove)
                  00035600    00000026     freertos_builds_MSP_EXP432P401R_release_ccs.lib : pthread.obj (.text:_pthread_cleanup_pop)
                  00035626    00000026     sail.lib : opt3001.obj (.text:i2cTransferFxn)
                  0003564c    00000026     sensor_boosterpack_movement.obj (.text:i2cTransferFxn)
                  00035672    00000026     freertos_builds_MSP_EXP432P401R_release_ccs.lib : queue.obj (.text:prvIsQueueFull)
                  00035698    00000024     barometer_service.obj (.text:Barometer_registerAppCBs)
                  000356bc    00000024     humidity_service.obj (.text:Humidity_registerAppCBs)
                  000356e0    00000024     ir_temp_service.obj (.text:IRTemp_registerAppCBs)
                  00035704    00000024     movement_service.obj (.text:Movement_registerAppCBs)
                  00035728    00000024     npi_uart_pm_release.a : npi_tl_simplelink.oem4f (.text:NPITL_checkNpiBusy)
                  0003574c    00000024                           : npi_task_posix.oem4f (.text:NPITask_regSSFromHostCB)
                  00035770    00000024     optic_service.obj (.text:Optic_registerAppCBs)
                  00035794    00000024     rtsv7M4_T_le_v4SPD16_eabi.lib : memcmp.c.obj (.text:memcmp)
                  000357b8    00000024     freertos_builds_MSP_EXP432P401R_release_ccs.lib : queue.obj (.text:prvGetDisinheritPriorityAfterTimeout)
                  000357dc    00000024                                                     : queue.obj (.text:vQueueDelete)
                  00035800    00000024                                                     : tasks.obj (.text:vTaskInternalSetTimeOutState)
                  00035824    00000022     sap_uart_pm_release.a : snp_rpc.oem4f (.text:SNP_RPC_registerService)
                  00035846    00000022     freertos_builds_MSP_EXP432P401R_release_ccs.lib : SemaphoreP_freertos.obj (.text:SemaphoreP_post)
                  00035868    00000022                                                     : SystemP_freertos.obj (.text:SystemP_vsnprintf)
                  0003588a    00000022                                                     : aeabi_portable.obj (.text:__aeabi_errno_addr)
                  000358ac    00000022                                                     : pthread.obj (.text:pthread_attr_setdetachstate)
                  000358ce    00000002                                                     : startup_msp432_ccs.obj (.text:nmiISR)
                  000358d0    00000020     msp432p4xx_driverlib.lib : cs.o (.text:CS_setExternalClockSourceFrequency)
                  000358f0    00000020     drivers_msp432p401x.aem4f : GPIOMSP432.oem4f (.text:GPIO_read)
                  00035910    00000020     freertos_builds_MSP_EXP432P401R_release_ccs.lib : HwiPMSP432_freertos.obj (.text:HwiP_restore)
                  00035930    00000020     drivers_msp432p401x.aem4f : PowerMSP432.oem4f (.text:Power_unregisterNotify)
                  00035950    00000020                               : RingBuf.oem4f (.text:RingBuf_peek)
                  00035970    00000020     sbl_image_int.obj (.text:SBL_IMG_getSize)
                  00035990    00000020     sbl.obj (.text:SBL_isLastSectorProtected)
                  000359b0    00000020     sap_uart_pm_release.a : snp_rpc_synchro.oem4f (.text:SNP_open)
                  000359d0    00000020     rtsv7M4_T_le_v4SPD16_eabi.lib : memchr.c.obj (.text:memchr)
                  000359f0    00000020     freertos_builds_MSP_EXP432P401R_release_ccs.lib : queue.obj (.text:prvIsQueueEmpty)
                  00035a10    00000020                                                     : semaphore.obj (.text:semaphorePend)
                  00035a30    0000001e                                                     : ClockP_freertos.obj (.text:ClockP_start)
                  00035a4e    0000001e                                                     : HwiPMSP432_freertos.obj (.text:HwiP_Params_init)
                  00035a6c    0000001e     sbl.obj (.text:SBL_open)
                  00035a8a    0000001e     freertos_builds_MSP_EXP432P401R_release_ccs.lib : pthread.obj (.text:_pthread_runStub)
                  00035aa8    0000001c                                                     : ClockP_freertos.obj (.text:ClockP_Params_init)
                  00035ac4    0000001c     msp432p4xx_driverlib.lib : interrupt.o (.text:Interrupt_unregisterInterrupt)
                  00035ae0    0000001c     sbl_image_int.obj (.text:SBL_IMG_open)
                  00035afc    0000001c     sap_uart_pm_release.a : snp_rpc.oem4f (.text:SNP_RPC_stopAdvertising)
                  00035b18    0000001c                           : snp_rpc.oem4f (.text:SNP_buildNPIPacket)
                  00035b34    0000001c     freertos_builds_MSP_EXP432P401R_release_ccs.lib : pthread.obj (.text:pthread_attr_init)
                  00035b50    0000001c                                                     : tasks.obj (.text:pvTaskIncrementMutexHeldCount)
                  00035b6c    0000001c     barometer_service.obj (.text:sensor_processSNPEventCB)
                  00035b88    0000001c     humidity_service.obj (.text:sensor_processSNPEventCB)
                  00035ba4    0000001c     ir_temp_service.obj (.text:sensor_processSNPEventCB)
                  00035bc0    0000001c     movement_service.obj (.text:sensor_processSNPEventCB)
                  00035bdc    0000001c     optic_service.obj (.text:sensor_processSNPEventCB)
                  00035bf8    0000001a     npi_uart_pm_release.a : npi_util_posix.oem4f (.text:NPIUTIL_isQueueEmpty)
                  00035c12    0000001a     freertos_builds_MSP_EXP432P401R_release_ccs.lib : PTLS.obj (.text:PTLS_taskDeleteHook)
                  00035c2c    0000001a     sap_uart_pm_release.a : sap.oem4f (.text:SAP_setServiceParam)
                  00035c46    0000001a     sbl_image_int.obj (.text:SBL_IMG_read)
                  00035c60    0000001a     sensor_boosterpack_temperature.obj (.text:TMP007_getObjTemp)
                  00035c7a    0000001a     freertos_builds_MSP_EXP432P401R_release_ccs.lib : timers.obj (.text:prvTimerTask)
                  00035c94    0000001a                                                     : pthread_mutex.obj (.text:pthread_mutex_destroy)
                  00035cae    00000018     npi_uart_pm_release.a : npi_tl_uart_m_simplelink.oem4f (.text:NPITLUART_calcFCS)
                  00035cc6    00000018                           : npi_task_posix.oem4f (.text:NPITask_mallocFrame)
                  00035cde    00000002     rtsv7M4_T_le_v4SPD16_eabi.lib : div0.asm.obj (.text)
                  00035ce0    00000018     sap_uart_pm_release.a : snp_rpc_synchro.oem4f (.text:SNP_close)
                  00035cf8    00000018     msp432p4xx_driverlib.lib : sysctl_a.o (.text:SysCtl_A_disableNMISource)
                  00035d10    00000018                              : sysctl_a.o (.text:SysCtl_A_enableNMISource)
                  00035d28    00000018     sail.lib : tmp007.obj (.text:TMP007_Params_init)
                  00035d40    00000018     drivers_msp432p401x.aem4f : UART.oem4f (.text:UART_Params_init)
                  00035d58    00000018     freertos_builds_MSP_EXP432P401R_release_ccs.lib : memory.obj (.text:free)
                  00035d70    00000018                                                     : pthread_cond.obj (.text:pthread_cond_wait)
                  00035d88    00000018                                                     : semaphore.obj (.text:sem_wait)
                  00035da0    00000018     rtsv7M4_T_le_v4SPD16_eabi.lib : strcmp.c.obj (.text:strcmp)
                  00035db8    00000016     freertos_builds_MSP_EXP432P401R_release_ccs.lib : ClockP_freertos.obj (.text:ClockP_setTimeout)
                  00035dce    00000016     display.aem4f : DisplayUart.oem4f (.text:DisplayUartMin_close)
                  00035de4    00000016     freertos_builds_MSP_EXP432P401R_release_ccs.lib : PTLS.obj (.text:PTLS_getBuf)
                  00035dfa    00000016                                                     : PTLS.obj (.text:PTLS_setBuf)
                  00035e10    00000016     sbl.obj (.text:SBL_initParams)
                  00035e26    00000016     freertos_builds_MSP_EXP432P401R_release_ccs.lib : SemaphoreP_freertos.obj (.text:SemaphoreP_Params_init)
                  00035e3c    00000016     rtsv7M4_T_le_v4SPD16_eabi.lib : strchr.c.obj (.text:strchr)
                  00035e52    00000002     main_freertos.obj (.text:vApplicationMallocFailedHook)
                  00035e54    00000014     npi_uart_pm_release.a : npi_tl_simplelink.oem4f (.text:NPITL_relPM)
                  00035e68    00000014     sail.lib : opt3001.obj (.text:OPT3001_Params_init)
                  00035e7c    00000014     drivers_msp432p401x.aem4f : PowerMSP432.oem4f (.text:Power_idleFunc)
                  00035e90    00000014     sap_uart_pm_release.a : snp_rpc.oem4f (.text:SNP_RPC_registerSAPCBs)
                  00035ea4    00000014                           : snp_rpc.oem4f (.text:SNP_sendAsyncCmd)
                  00035eb8    00000014     sensor_boosterpack_movement.obj (.text:bmi160Callback)
                  00035ecc    00000014     drivers_msp432p401x.aem4f : UARTMSP432.oem4f (.text:clearTXCPTIFG)
                  00035ee0    00000014     freertos_builds_MSP_EXP432P401R_release_ccs.lib : tasks.obj (.text:prvDeleteTCB)
                  00035ef4    00000014                                                     : pthread.obj (.text:pthread_attr_setstacksize)
                  00035f08    00000014                                                     : pthread_mutex.obj (.text:pthread_mutex_lock)
                  00035f1c    00000014                                                     : pthread.obj (.text:pthread_self)
                  00035f30    00000014                                                     : startup_msp432_ccs.obj (.text:resetISR)
                  00035f44    00000014                                                     : semaphore.obj (.text:sem_destroy)
                  00035f58    00000014     rtsv7M4_T_le_v4SPD16_eabi.lib : strcpy.c.obj (.text:strcpy)
                  00035f6c    00000014                                   : strlen.c.obj (.text:strlen)
                  00035f80    00000014     freertos_builds_MSP_EXP432P401R_release_ccs.lib : tasks.obj (.text:xTaskGetCurrentTaskHandle)
                  00035f94    00000014                                                     : tasks.obj (.text:xTaskGetTickCount)
                  00035fa8    00000012     bme280_support.obj (.text:BME280_delay_msek)
                  00035fba    00000012     sensor_boosterpack_movement.obj (.text:BMI160_delay_msek)
                  00035fcc    00000012     freertos_builds_MSP_EXP432P401R_release_ccs.lib : HwiPMSP432_freertos.obj (.text:HwiP_delete)
                  00035fde    00000012     drivers_msp432p401x.aem4f : RingBuf.oem4f (.text:RingBuf_construct)
                  00035ff0    00000010     sensor_boosterpack.obj (.text:AP_processBarometerChangeCB)
                  00036000    00000010     sensor_boosterpack.obj (.text:AP_processHumidityChangeCB)
                  00036010    00000010     sensor_boosterpack.obj (.text:AP_processIRTempChangeCB)
                  00036020    00000010     sensor_boosterpack.obj (.text:AP_processMovementChangeCB)
                  00036030    00000010     sensor_boosterpack.obj (.text:AP_processOpticChangeCB)
                  00036040    00000010     drivers_msp432p401x.aem4f : I2C.oem4f (.text:I2C_Params_init)
                  00036050    00000010     npi_uart_pm_release.a : npi_tl_simplelink.oem4f (.text:NPITL_relLocReady)
                  00036060    00000010                           : npi_tl_simplelink.oem4f (.text:NPITL_setPM)
                  00036070    00000010     drivers_msp432p401x.aem4f : PowerMSP432.oem4f (.text:PowerMSP432_getNumPerfLevels)
                  00036080    00000010     sbl_tl.obj (.text:SBL_TL_close)
                  00036090    00000010     msp432p4xx_driverlib.lib : sysctl_a.o (.text:SysCtl_A_getNMISourceStatus)
                  000360a0    00000010                              : sysctl.o (.text:SysCtl_getNMISourceStatus)
                  000360b0    00000010                              : sysctl.o (.text:SysCtl_rebootDevice)
                  000360c0    00000010     drivers_msp432p401x.aem4f : UARTMSP432.oem4f (.text:readBlockingTimeout)
                  000360d0    00000010     freertos_builds_MSP_EXP432P401R_release_ccs.lib : list.obj (.text:vListInitialiseItem)
                  000360e0    00000010                                                     : tasks.obj (.text:vTaskSuspendAll)
                  000360f0    0000000e     sbl.obj (.text:SBL_close)
                  000360fe    0000000e     rtsv7M4_T_le_v4SPD16_eabi.lib : copy_decompress_none.c.obj (.text:decompress:none:__TI_decompress_none)
                  0003610c    0000000c     msp432p4xx_driverlib.lib : cpu.o (.text:CPU_cpsid)
                  00036118    0000000c                              : cpu.o (.text:CPU_cpsie)
                  00036124    0000000c     sap_uart_pm_release.a : npi_ss_ble_sap.oem4f (.text:NPISS_BLE_SNP_init)
                  00036130    0000000c     drivers_msp432p401x.aem4f : PowerMSP432.oem4f (.text:Power_getConstraintMask)
[...]
00033681  bmi160_write_reg                                 
000336c9  exit                                             
00033711  __aeabi_d2iz                                     
00033759  sleep                                            
000337a1  uxListRemove                                     
000337e9  DisplayUartMin_vprintf                           
0003382f  RingBuf_put                                      
00033875  SNP_RPC_setGATTParam                             
000338bd  HOSTclose                                        
00033901  HOSTunlink                                       
00033945  I2C_init                                         
00033a11  SBL_IMG_isValid                                  
00033a55  Timer_init                                       
00033a99  UART_init                                        
00033add  __TI_auto_init_nobinit_nopinit                   
00033b21  bme280_set_soft_rst                              
00033b65  bmi160_fifo_data                                 
00033ba9  getdevice                                        
00033c75  __aeabi_d2uiz                                    
00033cfb  malloc                                           
00033d3d  I2C_open                                         
00033d7d  NPITLUART_readTransport                          
00033dbd  RingBuf_get                                      
00033dfd  SBL_CMD_sendData                                 
00033e3d  SBL_initPins                                     
00033e7d  SNP_RPC_sendHCICommand                           
00033ebd  SNP_RPC_setGAPparam                              
00033efd  UARTMSP432_read                                  
00033f3d  UART_open                                        
00033f7d  bmi160_set_command_register                      
00033fbd  bmi160_set_fifo_wm                               
00033ffd  bmi160_set_mag_read_addr                         
0003403d  bmi160_set_mag_write_addr                        
0003407d  bmi160_set_mag_write_data                        
000340fd  __aeabi_uidiv                                    
000340fd  __aeabi_uidivmod                                 
0003413d  vTaskPlaceOnEventListRestricted                  
0003417d  ClockP_callbackFxn                               
000341bb  SBL_CMD_getStatus                                
000341f9  pthread_setcancelstate                           
00034237  sem_post                                         
000342ed  SBL_TL_uartAutoBaud                              
00034329  SBL_closeTarget                                  
00034365  SNP_RPC_addService                               
00034419  pvTaskGetThreadLocalStoragePointer               
00034455  usleep                                           
00034491  vListInsertEnd                                   
000344cd  xTimerCreate                                     
00034509  PowerMSP432_sleepPolicy                          
0003457d  GPIO_toggle                                      
000345b5  I2C_routine                                      
000345ed  NPITL_readTL                                     
0003465d  NPITask_Params_init                              
00034695  Power_setConstraint                              
000346cd  SNP_RPC_setAdvertisementData                     
00034705  TimerMSP432_getCount                             
0003473d  __TI_writemsg                                    
0003476b  C$$IO$$                                          
0003481d  SBL_CMD_sectorErase                              
00034853  UARTMSP432_readCancel                            
00034889  pthread_cond_signal                              
000348bf  strncpy                                          
000348f5  DisplayHost_vprintf                              
00034929  GPIO_clearInt                                    
0003495d  GPIO_disableInt                                  
00034991  GPIO_enableInt                                   
000349c5  SAP_setAsyncCB                                   
000349f9  SAP_reset                                        
00034a2d  SNP_RPC_charConfigUpdatedRsp                     
00034a61  SNP_RPC_writeCharCnf                             
00034a95  SemaphoreP_pend                                  
00034ac9  SensorConfig_initI2C                             
00034afd  __TI_cleanup                                     
00034b31  __TI_readmsg                                     
00034b65  _c_int00_noargs                                  
00034c35  vTaskPlaceOnEventList                            
00034c69  vTaskSetThreadLocalStoragePointer                
00034c9d  SNP_RPC_terminateConnection                      
00034d01  CS_clearInterruptFlag                            
00034d31  SAP_initParams                                   
00034d61  SNP_RPC_setSecurityParam                         
00034dc1  finddevice                                       
00034e81  pthread_cond_init                                
00034eb1  vListInitialise                                  
00034ee1  vPortExitCritical                                
00034f11  xTaskGetSchedulerState                           
00034f9d  pvTimerGetTimerID                                
00034fcb  __aeabi_i2d                                      
00034ff9  HwiP_disable                                     
00035051  SBL_CMD_reset                                    
000350a9  SemaphoreP_createBinary                          
000351b1  remove                                           
000351b1  unlink                                           
000351dd  vTaskSetApplicationTaskTag                       
00035209  xPortSysTickHandler                              
00035235  xQueueCreateMutex                                
00035261  Display_doPrintf                                 
0003528b  SNP_RPC_setWhiteListParam                        
000352df  uxQueueMessagesWaiting                           
00035309  uxQueueMessagesWaitingFromISR                    
0003535d  CS_getMCLK                                       
00035385  HwiP_inISR                                       
000353ad  NPITL_getRxBufLen                                
000353fd  OPT3001_getLux                                   
00035425  Power_registerNotify                             
00035475  bmi160_read_fifo_header_data                     
00035515  lseek                                            
0003553d  pthread_attr_setschedparam                       
00035565  write                                            
0003558d  xTaskGetApplicationTaskTag                       
000355b5  List_put                                         
000355db  List_remove                                      
00035601  _pthread_cleanup_pop                             
00035699  Barometer_registerAppCBs                         
000356bd  Humidity_registerAppCBs                          
000356e1  IRTemp_registerAppCBs                            
00035705  Movement_registerAppCBs                          
00035729  NPITL_checkNpiBusy                               
0003574d  NPITask_regSSFromHostCB                          
00035771  Optic_registerAppCBs                             
00035795  memcmp                                           
000357dd  vQueueDelete                                     
00035801  vTaskInternalSetTimeOutState                     
00035825  SNP_RPC_registerService                          
00035847  SemaphoreP_post                                  
00035869  SystemP_vsnprintf                                
0003588b  __aeabi_errno_addr                               
000358ad  pthread_attr_setdetachstate                      
000358d1  CS_setExternalClockSourceFrequency               
000358f1  GPIO_read                                        
00035911  HwiP_restore                                     
00035931  Power_unregisterNotify                           
00035951  RingBuf_peek                                     
00035971  SBL_IMG_getSize                                  
00035991  SBL_isLastSectorProtected                        
000359b1  SNP_open                                         
000359d1  memchr                                           
00035a31  ClockP_start                                     
00035a4f  HwiP_Params_init                                 
00035a6d  SBL_open                                         
00035aa9  ClockP_Params_init                               
00035ac5  Interrupt_unregisterInterrupt                    
00035ae1  SBL_IMG_open                                     
00035afd  SNP_RPC_stopAdvertising                          
00035b35  pthread_attr_init                                
00035b51  pvTaskIncrementMutexHeldCount                    
00035bf9  NPIUTIL_isQueueEmpty                             
00035c13  PTLS_taskDeleteHook                              
00035c2d  SAP_setServiceParam                              
00035c47  SBL_IMG_read                                     
00035c95  pthread_mutex_destroy                            
00035cc7  NPITask_mallocFrame                              
00035cdf  __aeabi_idiv0                                    
00035cdf  __aeabi_ldiv0                                    
00035ce1  SNP_close                                        
00035cf9  SysCtl_A_disableNMISource                        
00035d11  SysCtl_A_enableNMISource                         
00035d29  TMP007_Params_init                               
00035d41  UART_Params_init                                 
00035d59  SNP_free                                         
00035d59  free                                             
00035d71  pthread_cond_wait                                
00035d89  sem_wait                                         
00035da1  strcmp                                           
00035db9  ClockP_setTimeout                                
00035dcf  DisplayUartMin_close                             
00035de5  PTLS_getBuf                                      
00035dfb  PTLS_setBuf                                      
00035e11  SBL_initParams                                   
00035e27  SemaphoreP_Params_init                           
00035e3d  strchr                                           
00035e53  vApplicationMallocFailedHook                     
00035e69  OPT3001_Params_init                              
00035e7d  Power_idleFunc                                   
00035e91  SNP_RPC_registerSAPCBs                           
00035ef5  pthread_attr_setstacksize                        
00035f09  pthread_mutex_lock                               
00035f1d  pthread_self                                     
00035f31  resetISR                                         
00035f45  sem_destroy                                      
00035f59  strcpy                                           
00035f6d  strlen                                           
00035f81  xTaskGetCurrentTaskHandle                        
00035f95  xTaskGetTickCount                                
00035fa9  BME280_delay_msek                                
00035fcd  HwiP_delete                                      
00035fdf  RingBuf_construct                                
00036041  I2C_Params_init                                  
00036051  NPITL_relLocReady                                
00036071  PowerMSP432_getNumPerfLevels                     
00036081  SBL_TL_close                                     
00036091  SysCtl_A_getNMISourceStatus                      
000360a1  SysCtl_getNMISourceStatus                        
000360b1  SysCtl_rebootDevice                              
000360d1  vListInitialiseItem                              
000360e1  vTaskSuspendAll                                  
000360f1  SBL_close                                        
000360ff  __TI_decompress_none                             
0003610d  CPU_cpsid                                        
00036119  CPU_cpsie                                        
00036125  NPISS_BLE_SNP_init                               
00036131  Power_getConstraintMask                          
0003613d  Power_getPerformanceLevel                        
00036149  SBL_IMG_close                                    
00036155  SNP_enterCS                                      
00036161  SNP_exitCS                                       
0003616d  SNP_responseReceived                             
00036179  SNP_waitForResponse                              
00036185  SemaphoreP_delete                                
00036191  __TI_zero_init                                   
0003619d  vTaskMissedYield                                 
000361a9  I2C_transfer                                     
000361b3  PowerMSP432_updateFreqs                          
000361bd  UART_close                                       
000361c7  UART_control                                     
000361d1  UART_read                                        
000361db  UART_readCancel                                  
000361e5  UART_write                                       
000361ef  vApplicationStackOverflowHook                    
000361f9  vPortSuppressTicksAndSleep                       
00036203  MCU_rebootDevice                                 
0003622b  DisplayHost_control                              
00036231  DisplayHost_getType                              
00036237  DisplayUartMin_control                           
0003623d  DisplayUartMin_getType                           
00036243  I2CMSP432_control                                
00036249  TimerMSP432_control                              
0003624f  NPITask_freeFrame                                
00036253  SAP_registerEventCB                              
00036257  SNP_malloc                                       
0003625b  _system_pre_init                                 
0003625f  C$$EXIT                                          
0003625f  abort                                            
00036268  __TI_static_base__                               
00036628  __TI_Handler_Table_Base                          
00036634  __TI_Handler_Table_Limit                         
00036648  __TI_CINIT_Base                                  
00036660  __TI_CINIT_Limit                                 
20008000  header_data                                      
2000944c  __CIOBUF_                                        
2000956c  timerMSP432Objects                               
20009670  uartMSP432Objects                                
20009838  __TI_tmpnams                                     
200098d8  i2cMSP432Objects                                 
20009928  uartMSP432RingBuffer                             
20009968  yas537_data                                      
200099a8  bme280                                           
20009b90  IRTempService                                    
20009c48  IRTempServiceCharHandles                         
20009c6c  HostToSSTable                                    
20009cfc  syncReq_sem                                      
20009d18  waitRsp_sem                                      
20009dd8  s_bmi160                                         
20009e5c  mag_trim                                         
20009e78  OPT3001_object                                   
20009e84  displayUartObject                                
20009e90  fifo_vector_xyz                                  
20009e9c  processed_data                                   
20009ec8  TMP007_object                                    
20009ed0  mag_data                                         
20009ed8  npiRetMsg                                        
20009ee0  parmbuf                                          
20009ee8  taskCBs                                          
20009f20  barometerTask                                    
20009f24  bmiSensorTask                                    
20009f28  displayHostObject                                
20009f2c  displayOut                                       
20009f30  gyr_setting                                      
20009f34  humidityTask                                     
20009f38  i2cHandle                                        
20009f3c  movementTask                                     
20009f40  npiRxBuf                                         
20009f44  npiTaskHandle                                    
20009f48  npiTxBuf                                         
20009f4c  opticalTask                                      
20009f50  p_bmi160                                         
20009f54  sblUartHandle                                    
20009f58  sensorCommandTask                                
20009f5c  temperatureTask                                  
20009f60  gyro_off_x                                       
20009f62  gyro_off_y                                       
20009f64  gyro_off_z                                       
20009f67  accel_off_x                                      
20009f68  accel_off_y                                      
20009f69  accel_off_z                                      
20009f6c  HwiP_dispatchTable                               
2000a76c  PowerMSP432_perfLevels                           
2000a8ac  _ftable                                          
2000a99c  _device                                          
2000abf4  _stream                                          
2000ac44  pxCurrentTCB                                     
2000ac78  PowerMSP432_module                               
2000aca4  gpioPinConfigs                                   
2000ace2  npiBufSize                                       
2000adbc  gpioCallbackFunctions                            
2000ae4c  __TI_ft_end                                      
2000ae50  __aeabi_stdin                                    
2000ae54  __aeabi_stdout                                   
2000ae58  __aeabi_stderr                                   
2000b018  eventCBListRoot                                  
2000b01c  asyncCBListRoot                                  
2000b020  serviceListRoot                                  
2000b024  SAP_isConnected                                  
2000b033  V_bmm150_maual_auto_condition_u8                 
2000b034  __TI_cleanup_ptr                                 
2000b038  __TI_dtors_ptr                                   
2000b03c  __TI_enable_exit_profile_output                  
2000b058  magxyz                                           
2000b070  SNP_NumConns                                     
2000b074  SNP_eventCB                                      
2000b078  SNP_asyncCB                                      
2000b124  _lock                                            
2000b128  _unlock                                          
2000b194  rstPIN                                           
2000b198  blPIN                                            
2000b1cc  formatDescBar                                    
2000b1d3  formatDescC                                      
2000b1da  formatDescHumid                                  
2000b1e1  formatDescLux                                    
2000b1e8  accelxyz                                         
2000b1f4  gyroxyz                                          
2000b400  g_pfnRAMVectors                                  
2000fc00  __stack                                          
20010000  __STACK_END                                      
4000480c  WDTCTL_SYM                                       
ffffffff  __TI_pprof_out_hndl                              
ffffffff  __TI_prof_data_size                              
ffffffff  __TI_prof_data_start                             
ffffffff  __binit__                                        
ffffffff  __c_args__                                       
ffffffff  binit                                            
UNDEFED   __mpu_init                                       
UNDEFED   _system_post_cinit                               

[686 symbols]
